
> frontend@0.0.0 build
> tsc -b && vite build

src/components/CommandPalette.tsx(43,13): error TS2339: Property 'sync' does not exist on type 'SyncContextType'.
src/components/logistique/DeliveriesTab.tsx(24,53): error TS2339: Property 'delivery' does not exist on type 'Household'.
src/components/logistique/DeliveriesTab.tsx(105,94): error TS2339: Property 'delivery' does not exist on type 'Household'.
src/components/logistique/DeliveriesTab.tsx(126,92): error TS2339: Property 'delivery' does not exist on type 'Household'.
src/components/Sidebar.tsx(34,13): error TS2339: Property 'sync' does not exist on type 'SyncContextType'.
src/components/Sidebar.tsx(34,19): error TS2339: Property 'isSyncing' does not exist on type 'SyncContextType'.
src/components/terrain/DataHubModal.tsx(46,13): error TS2339: Property 'sync' does not exist on type 'SyncContextType'.
src/components/terrain/DataManagement.tsx(25,19): error TS2322: Type '{ id: any; status: any; region: any; projectId: string; organizationId: string; version: number; location: { type: "Point"; coordinates: [number, number]; }; }[]' is not assignable to type 'Household[]'.
  Property 'zoneId' is missing in type '{ id: any; status: any; region: any; projectId: string; organizationId: string; version: number; location: { type: "Point"; coordinates: [number, number]; }; }' but required in type 'Household'.
src/components/terrain/HouseholdDetailsPanel.tsx(264,128): error TS2339: Property 'updatedAt' does not exist on type 'Household'.
src/hooks/useLogistique.ts(29,35): error TS2339: Property 'delivery' does not exist on type 'Household'.
src/hooks/useLogistique.ts(29,56): error TS2339: Property 'delivery' does not exist on type 'Household'.
src/hooks/useLogistique.ts(30,32): error TS2339: Property 'delivery' does not exist on type 'Household'.
src/hooks/useLogistique.ts(30,70): error TS2339: Property 'delivery' does not exist on type 'Household'.
src/hooks/useLogistique.ts(61,29): error TS2339: Property 'delivery' does not exist on type 'Household'.
src/hooks/useLogistique.ts(65,23): error TS2339: Property 'workTime' does not exist on type 'Household'.
src/hooks/useLogistique.ts(66,57): error TS2339: Property 'workTime' does not exist on type 'Household'.
src/hooks/useLogistique.ts(69,23): error TS2339: Property 'delivery' does not exist on type 'Household'.
src/hooks/useLogistique.ts(69,43): error TS2339: Property 'delivery' does not exist on type 'Household'.
src/hooks/useLogistique.ts(70,52): error TS2339: Property 'delivery' does not exist on type 'Household'.
src/pages/Dashboard/AdminDashboard.tsx(39,13): error TS2339: Property 'sync' does not exist on type 'SyncContextType'.
src/pages/Dashboard/AdminDashboard.tsx(39,19): error TS2339: Property 'isSyncing' does not exist on type 'SyncContextType'.
src/pages/Terrain.tsx(98,11): error TS6133: 'setMapPosition' is declared but its value is never read.
src/pages/Terrain.tsx(414,55): error TS2339: Property 'assignedTeams' does not exist on type 'Household'.
src/pages/Terrain.tsx(414,74): error TS2339: Property 'assignedTeams' does not exist on type 'Household'.
src/pages/Terrain.tsx(420,41): error TS2339: Property 'delivery' does not exist on type 'Household'.
src/pages/Terrain.tsx(420,69): error TS2339: Property 'delivery' does not exist on type 'Household'.
src/pages/Terrain.tsx(1137,63): error TS2339: Property 'grappeId' does not exist on type 'Household'.
src/pages/Terrain.tsx(1138,59): error TS2339: Property 'grappeId' does not exist on type 'Household'.
src/pages/Terrain.tsx(1139,61): error TS2339: Property 'grappeName' does not exist on type 'Household'.
src/pages/Terrain.tsx(1139,103): error TS2339: Property 'grappeId' does not exist on type 'Household'.
src/pages/Terrain.tsx(1140,90): error TS2339: Property 'grappeId' does not exist on type 'Household'.
src/pages/Terrain.tsx(1140,121): error TS2339: Property 'grappeId' does not exist on type 'Household'.
